[oasisinfobyte.com/index.html]
[cdnjs.cloudflare.com/ajax/libs/font-awesome/5.15.1/css/all.min.css]
[unpkg.com/aos@next/dist/aos.1.delayed]
[unpkg.com/aos@3.0.0-beta.6/dist/aos.css]
[backblue.gif]
[fade.gif]
[index.html]
[oasisinfobyte.com/style.css]
[oasisinfobyte.com/image/hiring.png]
[oasisinfobyte.com/image/ab.svg]
[oasisinfobyte.com/image/wbd.svg]
[oasisinfobyte.com/image/Cloud hosting-amico (1).svg]
[oasisinfobyte.com/image/Font-amico (1).svg]
[oasisinfobyte.com/image/Server-rafiki (1).svg]
[oasisinfobyte.com/image/Cyborg-bro (1).svg]
[oasisinfobyte.com/image/Website designer.svg]
[oasisinfobyte.com/image/ui.svg]
[oasisinfobyte.com/image/Coworking-rafiki (1).svg]
[oasisinfobyte.com/image/Data extraction-rafiki (1).svg]
[oasisinfobyte.com/image/Cloud hosting-bro (1).svg]
[oasisinfobyte.com/image/man (1).png]
[oasisinfobyte.com/image/profile (1).png]
[oasisinfobyte.com/image/Contact us-amico (2).svg]
[oasisinfobyte.com/image/FAQs-amico (1) (1).svg]
[cdnjs.cloudflare.com/ajax/libs/jquery/3.5.1/jquery.min.js]
[oasisinfobyte.com/main.js]
[unpkg.com/aos@next/dist/aos.js]
[unpkg.com/aos@3.0.0-beta.6/dist/aos.js]
[oasisinfobyte.com/index.html]
[cdnjs.cloudflare.com/ajax/libs/font-awesome/5.15.1/css/all.min.css]
[unpkg.com/aos@3.0.0-beta.6/dist/aos.css]
[collectcdn.com/launcher.js]
[oasisinfobyte.com/nclose.png]
[oasisinfobyte.com/preload _1_.gif]
[oasisinfobyte.com/wave.png]
[oasisinfobyte.com/image/footer-bg.png]
[oasisinfobyte.com/style.css]
[oasisinfobyte.com/image/OASIS (8).html]
[oasisinfobyte.com/âhttps_/oasisinfobyte.in/favicon.html]
[oasisinfobyte.com/image/ab.svg]
[oasisinfobyte.com/image/wbd.svg]
[oasisinfobyte.com/image/Cloud hosting-amico (1).svg]
[oasisinfobyte.com/image/Font-amico (1).svg]
[oasisinfobyte.com/image/Server-rafiki (1).svg]
[oasisinfobyte.com/image/Cyborg-bro (1).svg]
[oasisinfobyte.com/image/Website designer.svg]
[oasisinfobyte.com/image/ui.svg]
[oasisinfobyte.com/image/Coworking-rafiki (1).svg]
[oasisinfobyte.com/image/Data extraction-rafiki (1).svg]
[oasisinfobyte.com/image/Cloud hosting-bro (1).svg]
[oasisinfobyte.com/image/Contact us-amico (2).svg]
[oasisinfobyte.com/image/FAQs-amico (1) (1).svg]
